{"logTime": "0425/064432", "correlationVector":"ORcGhnfsTQ15BWBnWo00d0.1","action":"SyncServerConnectionManagerRequest", "result":"SYNC_SERVER_OK", "context":{"environment":"Prod_germanywestcentral_prod-s01-011-eur-germanywestcentral", "migrationStage":"NotStarted", "server":"akswtt003000016"}}
{"logTime": "0425/064432", "correlationVector":"ORcGhnfsTQ15BWBnWo00d0.2","action":"ProcessGetUpdates", "result":"Done", "context":{"dataType":"Encryption Keys", "deleted":"0", "process_failed_to_decrypt":"0", "process_pending_decryption":"0", "process_success":"1", "total":"1"}}
{"logTime": "0425/064433", "correlationVector":"v7JIQrtdub70Xo98mw6yyM","action":"SyncServerConnectionManagerRequest", "result":"SYNC_SERVER_OK", "context":{"environment":"", "migrationStage":"", "server":""}}
{"logTime": "0425/064433", "correlationVector":"v7JIQrtdub70Xo98mw6yyM.0","action":"EncryptionKeysFetcher.DownloadKeys:", "result":"Success", "context":Key count: 8, Last key timestamp: 2026-04-16T07:40:36Z}
{"logTime": "0425/064433", "correlationVector":"v7JIQrtdub70Xo98mw6yyM.1","action":"EncryptionKeysManager::SetEncryptionKeys:", "result":"Success", "context":Key names[8]:[WEoEhbFDncx76kRmBXP1ByEGCCxDhkYLcEoYPY02+Rl916rsmOuQj9V//Ei6PDTTfpSqFsfTCTMD+NZVFO6rsQ==][c4BIzOdvNscaa0K1jxssHW2nepqu5t8BoowbLciaSy+t+uY4y5n0UjrTSTcwcdReD7sjw7zUPnLo5wn4M9Ohpg==][lVqZdQunpc4CYMboWZ/37/ZwAm3ESznyIhRKAkygO3jTtP9CxZsMJuxPTVu5VOeA06frVdXffLiWQHoAGW7UGA==][3eGPHgV/HfpV03M/vxzYvOH0wPIY68vRlMMVJsL9xLnd60B+kndhhaN8zgWNIj2fX1Eg0I6iFtrgvdZSoUTSig==][Sx1G0xAWl5akLtE2TJZ5oV5b10JfYVeVY3X4tqqx7qZ1W/rzYh05VUfpjIF9KLHekwyL0xsgMV5DP90oHgySUg==][aHK+X8+gVHCj3jR4zdQJuhDvho9snyoFWayPyF/fLRc+vjct9q3w6jr2cs6Vb2H0SptfHThg4Oq3Xvksjg4fYA==][KOz+WZXiReg8d68mHNI/2H+6g5pslxZFXYmB932dehu9FnbR83P5B2H/mzstcA6gpdaqzb0gaHeu3TL/4Cgdbg==][d+IT/iXNJwog6m7auYBpMJ+dzVaUGIlB3xQy60OMTw2jCFFiXciFos2Do/4z2hVE8zOyrulxgn+NBe6K2TT20Q==]}
{"logTime": "0425/064433", "correlationVector":"v7JIQrtdub70Xo98mw6yyM.2","action":"EncryptionKeysManager::SetEncryptionKeysWithTimestamps:", "result":"Success", "context":Key timestamps[8]:[2022-05-13T17:41:39Z][2022-11-16T19:59:44Z][2023-07-18T09:49:03Z][2024-02-27T16:52:04Z][2024-09-08T17:31:07Z][2025-04-01T11:01:17Z][2025-09-30T08:45:03Z][2026-04-16T07:40:36Z]}
{"logTime": "0425/064433", "correlationVector":"ORcGhnfsTQ15BWBnWo00d0","action":"Initial GetUpdates", "result":"", "context":Reason: NEW_CLIENT. cV=ORcGhnfsTQ15BWBnWo00d0}
{"logTime": "0425/064433", "correlationVector":"ORcGhnfsTQ15BWBnWo00d0.3","action":"GetUpdates Response", "result":"Success", "context":Received 1 update(s). cV=ORcGhnfsTQ15BWBnWo00d0.0;server=akswtt003000016;cloudType=Consumer;environment=Prod_germanywestcentral_prod-s01-011-eur-germanywestcentral;migrationStage=NotStarted}
{"logTime": "0425/064433", "correlationVector":"fFiZTZ/GJayAUsjSfAwI35","action":"Initial GetUpdates", "result":"", "context":Reason: NEWLY_SUPPORTED_DATATYPE. cV=fFiZTZ/GJayAUsjSfAwI35}
{"logTime": "0425/064433", "correlationVector":"fFiZTZ/GJayAUsjSfAwI35.1","action":"SyncServerConnectionManagerRequest", "result":"SYNC_SERVER_OK", "context":{"environment":"Prod_germanywestcentral_prod-s01-011-eur-germanywestcentral", "migrationStage":"NotStarted", "server":"akswtt003000019"}}
{"logTime": "0425/064433", "correlationVector":"fFiZTZ/GJayAUsjSfAwI35.2","action":"ProcessGetUpdates", "result":"Done", "context":{"dataType":"Preferences", "deleted":"0", "process_failed_to_decrypt":"0", "process_pending_decryption":"0", "process_success":"72", "total":"72"}}
{"logTime": "0425/064433", "correlationVector":"fFiZTZ/GJayAUsjSfAwI35.3","action":"ProcessGetUpdates", "result":"Done", "context":{"dataType":"Passwords", "deleted":"0", "process_failed_to_decrypt":"0", "process_pending_decryption":"0", "process_success":"62", "total":"62"}}
{"logTime": "0425/064433", "correlationVector":"fFiZTZ/GJayAUsjSfAwI35.4","action":"ProcessGetUpdates", "result":"Done", "context":{"dataType":"Device Info", "deleted":"0", "process_failed_to_decrypt":"0", "process_pending_decryption":"0", "process_success":"4", "total":"4"}}
{"logTime": "0425/064433", "correlationVector":"fFiZTZ/GJayAUsjSfAwI35.5","action":"GetUpdates Response", "result":"Success", "context":Received 138 update(s). cV=fFiZTZ/GJayAUsjSfAwI35.0;server=akswtt003000019;cloudType=Consumer;environment=Prod_germanywestcentral_prod-s01-011-eur-germanywestcentral;migrationStage=NotStarted}
{"logTime": "0425/064433", "correlationVector":"jtMhsrj3OHX6enQyh0okYQ","action":"Initial GetUpdates", "result":"", "context":Reason: NEWLY_SUPPORTED_DATATYPE. cV=jtMhsrj3OHX6enQyh0okYQ}
{"logTime": "0425/064433", "correlationVector":"jtMhsrj3OHX6enQyh0okYQ.1","action":"SyncServerConnectionManagerRequest", "result":"SYNC_SERVER_OK", "context":{"environment":"Prod_germanywestcentral_prod-s01-011-eur-germanywestcentral", "migrationStage":"NotStarted", "server":"akswtt00300001e"}}
{"logTime": "0425/064433", "correlationVector":"jtMhsrj3OHX6enQyh0okYQ.2","action":"ProcessGetUpdates", "result":"Done", "context":{"dataType":"Bookmarks", "deleted":"0", "process_failed_to_decrypt":"0", "process_pending_decryption":"0", "process_success":"15", "total":"15"}}
{"logTime": "0425/064433", "correlationVector":"jtMhsrj3OHX6enQyh0okYQ.3","action":"GetUpdates Response", "result":"Success", "context":Received 15 update(s). cV=jtMhsrj3OHX6enQyh0okYQ.0;server=akswtt00300001e;cloudType=Consumer;environment=Prod_germanywestcentral_prod-s01-011-eur-germanywestcentral;migrationStage=NotStarted}
{"logTime": "0425/064433", "correlationVector":"HURIcBeSTyq1jn4xLewyNL","action":"Initial GetUpdates", "result":"", "context":Reason: NEWLY_SUPPORTED_DATATYPE. cV=HURIcBeSTyq1jn4xLewyNL}
{"logTime": "0425/064433", "correlationVector":"HURIcBeSTyq1jn4xLewyNL.1","action":"SyncServerConnectionManagerRequest", "result":"SYNC_SERVER_OK", "context":{"environment":"Prod_germanywestcentral_prod-s01-011-eur-germanywestcentral", "migrationStage":"NotStarted", "server":"akswtt003000010"}}
{"logTime": "0425/064433", "correlationVector":"HURIcBeSTyq1jn4xLewyNL.2","action":"ProcessGetUpdates", "result":"Done", "context":{"dataType":"Autofill", "deleted":"0", "process_failed_to_decrypt":"0", "process_pending_decryption":"0", "process_success":"6", "total":"6"}}
{"logTime": "0425/064433", "correlationVector":"HURIcBeSTyq1jn4xLewyNL.3","action":"ProcessGetUpdates", "result":"Done", "context":{"dataType":"Extensions", "deleted":"0", "process_failed_to_decrypt":"0", "process_pending_decryption":"0", "process_success":"2", "total":"2"}}
{"logTime": "0425/064433", "correlationVector":"HURIcBeSTyq1jn4xLewyNL.4","action":"ProcessGetUpdates", "result":"Done", "context":{"dataType":"Sessions", "deleted":"6", "process_failed_to_decrypt":"0", "process_pending_decryption":"0", "process_success":"7", "total":"7"}}
{"logTime": "0425/064433", "correlationVector":"HURIcBeSTyq1jn4xLewyNL.5","action":"ProcessGetUpdates", "result":"Done", "context":{"dataType":"Edge Hub App Usage", "deleted":"3", "process_failed_to_decrypt":"0", "process_pending_decryption":"0", "process_success":"5", "total":"5"}}
{"logTime": "0425/064433", "correlationVector":"HURIcBeSTyq1jn4xLewyNL.6","action":"GetUpdates Response", "result":"Success", "context":Received 20 update(s). cV=HURIcBeSTyq1jn4xLewyNL.0;server=akswtt003000010;cloudType=Consumer;environment=Prod_germanywestcentral_prod-s01-011-eur-germanywestcentral;migrationStage=NotStarted}
{"logTime": "0425/064433", "correlationVector":"x1VvWrp8bQEKC+9vFJmA6P","action":"Initial GetUpdates", "result":"", "context":Reason: NEWLY_SUPPORTED_DATATYPE. cV=x1VvWrp8bQEKC+9vFJmA6P}
{"logTime": "0425/064434", "correlationVector":"x1VvWrp8bQEKC+9vFJmA6P.1","action":"SyncServerConnectionManagerRequest", "result":"SYNC_SERVER_OK", "context":{"environment":"Prod_germanywestcentral_prod-s01-011-eur-germanywestcentral", "migrationStage":"NotStarted", "server":"akswtt003000016"}}
{"logTime": "0425/064434", "correlationVector":"x1VvWrp8bQEKC+9vFJmA6P.2","action":"ProcessGetUpdates", "result":"Done", "context":{"dataType":"History", "deleted":"0", "process_failed_to_decrypt":"0", "process_pending_decryption":"0", "process_success":"4", "total":"4"}}
{"logTime": "0425/064434", "correlationVector":"x1VvWrp8bQEKC+9vFJmA6P.3","action":"GetUpdates Response", "result":"Success", "context":Received 4 update(s). cV=x1VvWrp8bQEKC+9vFJmA6P.0;server=akswtt003000016;cloudType=Consumer;environment=Prod_germanywestcentral_prod-s01-011-eur-germanywestcentral;migrationStage=NotStarted}
{"logTime": "0425/064434", "correlationVector":"dyMKzMt07Dyz1iGQLyXSWs","action":"Normal GetUpdate request", "result":"", "context":cV=dyMKzMt07Dyz1iGQLyXSWs
Nudged types: Preferences, Sessions, Device Info, User Consents
Refresh requested types: Bookmarks, Preferences, Passwords, Autofill Profiles, Autofill, Extensions, Sessions, Extension settings, History Delete Directives, Device Info, User Consents, Send Tab To Self, Web Apps, History, Saved Tab Group, WebAuthn Credentials, Collection, Edge E Drop, Edge Hub App Usage, Edge Wallet, Edge Workspace, Encryption Keys}
{"logTime": "0425/064434", "correlationVector":"dyMKzMt07Dyz1iGQLyXSWs.1","action":"SyncServerConnectionManagerRequest", "result":"SYNC_SERVER_OK", "context":{"environment":"Prod_germanywestcentral_prod-s01-011-eur-germanywestcentral", "migrationStage":"NotStarted", "server":"akswtt003000016"}}
{"logTime": "0425/064434", "correlationVector":"dyMKzMt07Dyz1iGQLyXSWs.2","action":"GetUpdates Response", "result":"Success", "context":Received 0 update(s). cV=dyMKzMt07Dyz1iGQLyXSWs.0;server=akswtt003000016;cloudType=Consumer;environment=Prod_germanywestcentral_prod-s01-011-eur-germanywestcentral;migrationStage=NotStarted}
{"logTime": "0425/064434", "correlationVector":"Bc+WvQ5OZ8EWrG/gDxtHG9","action":"Commit Request", "result":"", "context":Item count: 5
Contributing types: Preferences, Sessions, Device Info, User Consents}
{"logTime": "0425/064434", "correlationVector":"Bc+WvQ5OZ8EWrG/gDxtHG9.1","action":"SyncServerConnectionManagerRequest", "result":"SYNC_SERVER_OK", "context":{"environment":"Prod_germanywestcentral_prod-s01-011-eur-germanywestcentral", "migrationStage":"NotStarted", "server":"akswtt003000010"}}
{"logTime": "0425/064434", "correlationVector":"Bc+WvQ5OZ8EWrG/gDxtHG9.2","action":"Commit Response", "result":"Success", "context":Result: Success. cV=Bc+WvQ5OZ8EWrG/gDxtHG9.0;server=akswtt003000010;cloudType=Consumer;environment=Prod_germanywestcentral_prod-s01-011-eur-germanywestcentral;migrationStage=NotStarted}
{"logTime": "0425/064437", "correlationVector":"7wcy3laVIxtXt7XJoJ/9R2","action":"Commit Request", "result":"", "context":Item count: 38
Contributing types: Preferences, Passwords, Sessions, History}
{"logTime": "0425/064439", "correlationVector":"7wcy3laVIxtXt7XJoJ/9R2.1","action":"SyncServerConnectionManagerRequest", "result":"SYNC_SERVER_OK", "context":{"environment":"Prod_germanywestcentral_prod-s01-011-eur-germanywestcentral", "migrationStage":"NotStarted", "server":"akswtt003000019"}}
{"logTime": "0425/064439", "correlationVector":"7wcy3laVIxtXt7XJoJ/9R2.2","action":"Commit Response", "result":"Success", "context":Result: Success. cV=7wcy3laVIxtXt7XJoJ/9R2.0;server=akswtt003000019;cloudType=Consumer;environment=Prod_germanywestcentral_prod-s01-011-eur-germanywestcentral;migrationStage=NotStarted}
